/* SCE Forge: Inline codec 'frame' */
#define INLINE_CODEC_FRAME_MIN_BYTES 4
#define INLINE_CODEC_FRAME_MAX_BYTES 4

typedef struct {
    uint8_t msg_id;
    uint8_t length;
    uint16_t payload;
} inline_codec_frame_t;

static inline sce_forge_codec_status_t inline_codec_frame_decode(sce_forge_cursor_t *cursor, inline_codec_frame_t *out) {
    const uint8_t *raw = sce_forge_cursor_peek(cursor, INLINE_CODEC_FRAME_MIN_BYTES);
    if (raw == NULL) return SCE_FORGE_CODEC_NEED_MORE_BYTES;
    out->msg_id = raw[0];
    out->length = raw[1];
    out->payload = ((uint16_t)raw[2] << 8) | raw[3];
    if (!sce_forge_cursor_advance(cursor, INLINE_CODEC_FRAME_MIN_BYTES)) return SCE_FORGE_CODEC_NEED_MORE_BYTES;
    return SCE_FORGE_CODEC_OK;
}

static inline sce_forge_codec_status_t inline_codec_frame_encode(const inline_codec_frame_t *self, sce_forge_writer_t *w) {
    SCE_FORGE_TRY_WRITE(sce_forge_writer_write_u8(w, self->msg_id));
    SCE_FORGE_TRY_WRITE(sce_forge_writer_write_u8(w, self->length));
    SCE_FORGE_TRY_WRITE(sce_forge_writer_write_u8(w, (uint8_t)((self->payload >> 8) & 0xFF)));
    SCE_FORGE_TRY_WRITE(sce_forge_writer_write_u8(w, (uint8_t)(self->payload & 0xFF)));
    return SCE_FORGE_CODEC_OK;
}
